=== Git Auto-Commit Started: 2026-09-09 11:16:06 ===
Author identity unknown

*** Please tell me who you are.

Run

  git config --global user.email "you@example.com"
  git config --global user.name "Your Name"

to set your account's default identity.
Omit --global to set the identity only in this repository.

fatal: unable to auto-detect email address (got 'f1bsr05@f1bsr05xd02ro.(none)')
=== Git Auto-Commit Started: 2026-09-09 12:53:32 ===
Author identity unknown

*** Please tell me who you are.

Run

  git config --global user.email "you@example.com"
  git config --global user.name "Your Name"

to set your account's default identity.
Omit --global to set the identity only in this repository.

fatal: unable to auto-detect email address (got 'f1bsr05@f1bsr05xd02ro.(none)')
Please complete authentication in your browser...
https://github.com/login/oauth/authorize?client_id=b895675a4e2cf54d5c6c&code_challenge=cLjeyw2k99zweveJ03u9F9eTK5mMNsvU79IsOvulzpM&code_challenge_method=S256&redirect_uri=http%3A%2F%2F127.0.0.1%3A36295&response_type=code&scope=repo+gist+workflow&state=s0r5RErVLZUPKnoQ0LUh-P7XqCMRD0GueF4Qx1-rrHk
Everything up-to-date
Changes successfully pushed.
=== Finished ===
=== Git Auto-Commit Started: 2026-09-09 12:54:57 ===
Author identity unknown

*** Please tell me who you are.

Run

  git config --global user.email "you@example.com"
  git config --global user.name "Your Name"

to set your account's default identity.
Omit --global to set the identity only in this repository.

fatal: unable to auto-detect email address (got 'f1bsr05@f1bsr05xd02ro.(none)')
Everything up-to-date
Changes successfully pushed.
=== Finished ===
=== Git Auto-Commit Started: 2026-09-09 13:00:06 ===
